-- The C compiler identification is GNU 13.3.0
-- The CXX compiler identification is GNU 13.3.0
-- Detecting C compiler ABI info
-- Detecting C compiler ABI info - done
-- Check for working C compiler: /usr/bin/cc - skipped
-- Detecting C compile features
-- Detecting C compile features - done
-- Detecting CXX compiler ABI info
-- Detecting CXX compiler ABI info - done
-- Check for working CXX compiler: /usr/bin/c++ - skipped
-- Detecting CXX compile features
-- Detecting CXX compile features - done
-- Found ament_cmake: 2.5.6 (/opt/ros/jazzy/share/ament_cmake/cmake)
-- Found Python3: /opt/python-venv/bin/python3 (found version "3.12.3") found components: Interpreter 
-- Override CMake install command with custom implementation using symlinks instead of copying resources
-- Found ament_lint_auto: 0.17.5 (/opt/ros/jazzy/share/ament_lint_auto/cmake)
-- Configuring done (1.9s)
-- Generating done (0.0s)
-- Build files have been written to: /robotrio/scr/build/op3_gazebo_ros2
-- Install configuration: ""
-- Execute custom install script
-- Symlinking: /robotrio/scr/install/op3_gazebo_ros2/share/op3_gazebo_ros2/config/bridge_parameters.yaml
-- Symlinking: /robotrio/scr/install/op3_gazebo_ros2/share/op3_gazebo_ros2/config/robotis_op3_gazebo_config.yaml
-- Symlinking: /robotrio/scr/install/op3_gazebo_ros2/share/op3_gazebo_ros2/launch/robot_sim.launch.py
-- Symlinking: /robotrio/scr/install/op3_gazebo_ros2/share/op3_gazebo_ros2/worlds/empty.sdf
-- Symlinking: /robotrio/scr/install/op3_gazebo_ros2/share/ament_index/resource_index/package_run_dependencies/op3_gazebo_ros2
-- Symlinking: /robotrio/scr/install/op3_gazebo_ros2/share/ament_index/resource_index/parent_prefix_path/op3_gazebo_ros2
-- Symlinking: /robotrio/scr/install/op3_gazebo_ros2/share/op3_gazebo_ros2/environment/ament_prefix_path.sh
-- Symlinking: /robotrio/scr/install/op3_gazebo_ros2/share/op3_gazebo_ros2/environment/ament_prefix_path.dsv
-- Symlinking: /robotrio/scr/install/op3_gazebo_ros2/share/op3_gazebo_ros2/environment/path.sh
-- Symlinking: /robotrio/scr/install/op3_gazebo_ros2/share/op3_gazebo_ros2/environment/path.dsv
-- Symlinking: /robotrio/scr/install/op3_gazebo_ros2/share/op3_gazebo_ros2/local_setup.bash
-- Symlinking: /robotrio/scr/install/op3_gazebo_ros2/share/op3_gazebo_ros2/local_setup.sh
-- Symlinking: /robotrio/scr/install/op3_gazebo_ros2/share/op3_gazebo_ros2/local_setup.zsh
-- Symlinking: /robotrio/scr/install/op3_gazebo_ros2/share/op3_gazebo_ros2/local_setup.dsv
-- Symlinking: /robotrio/scr/install/op3_gazebo_ros2/share/op3_gazebo_ros2/package.dsv
-- Symlinking: /robotrio/scr/install/op3_gazebo_ros2/share/ament_index/resource_index/packages/op3_gazebo_ros2
-- Symlinking: /robotrio/scr/install/op3_gazebo_ros2/share/op3_gazebo_ros2/cmake/op3_gazebo_ros2Config.cmake
-- Symlinking: /robotrio/scr/install/op3_gazebo_ros2/share/op3_gazebo_ros2/cmake/op3_gazebo_ros2Config-version.cmake
-- Symlinking: /robotrio/scr/install/op3_gazebo_ros2/share/op3_gazebo_ros2/package.xml
