[0.026s] Invoking command in '/robotrio/scr/build/op3_gazebo_ros2': CMAKE_PREFIX_PATH=${CMAKE_PREFIX_PATH}:/opt/ros/jazzy /usr/bin/cmake /robotrio/scr/ROBOTIS-OP3-Simulations/op3_gazebo_ros2 -DAMENT_CMAKE_SYMLINK_INSTALL=1 -DCMAKE_INSTALL_PREFIX=/robotrio/scr/install/op3_gazebo_ros2
[0.341s] -- The C compiler identification is GNU 13.3.0
[0.538s] -- The CXX compiler identification is GNU 13.3.0
[0.583s] -- Detecting C compiler ABI info
[0.788s] -- Detecting C compiler ABI info - done
[0.809s] -- Check for working C compiler: /usr/bin/cc - skipped
[0.831s] -- Detecting C compile features
[0.846s] -- Detecting C compile features - done
[0.869s] -- Detecting CXX compiler ABI info
[1.062s] -- Detecting CXX compiler ABI info - done
[1.081s] -- Check for working CXX compiler: /usr/bin/c++ - skipped
[1.081s] -- Detecting CXX compile features
[1.083s] -- Detecting CXX compile features - done
[1.156s] -- Found ament_cmake: 2.5.6 (/opt/ros/jazzy/share/ament_cmake/cmake)
[1.523s] -- Found Python3: /opt/python-venv/bin/python3 (found version "3.12.3") found components: Interpreter 
[1.669s] -- Override CMake install command with custom implementation using symlinks instead of copying resources
[1.821s] -- Found ament_lint_auto: 0.17.5 (/opt/ros/jazzy/share/ament_lint_auto/cmake)
[2.033s] -- Configuring done (1.9s)
[2.037s] -- Generating done (0.0s)
[2.041s] -- Build files have been written to: /robotrio/scr/build/op3_gazebo_ros2
[2.049s] Invoked command in '/robotrio/scr/build/op3_gazebo_ros2' returned '0': CMAKE_PREFIX_PATH=${CMAKE_PREFIX_PATH}:/opt/ros/jazzy /usr/bin/cmake /robotrio/scr/ROBOTIS-OP3-Simulations/op3_gazebo_ros2 -DAMENT_CMAKE_SYMLINK_INSTALL=1 -DCMAKE_INSTALL_PREFIX=/robotrio/scr/install/op3_gazebo_ros2
[2.051s] Invoking command in '/robotrio/scr/build/op3_gazebo_ros2': CMAKE_PREFIX_PATH=${CMAKE_PREFIX_PATH}:/opt/ros/jazzy /usr/bin/cmake --build /robotrio/scr/build/op3_gazebo_ros2 -- -j4 -l4
[2.125s] Invoked command in '/robotrio/scr/build/op3_gazebo_ros2' returned '0': CMAKE_PREFIX_PATH=${CMAKE_PREFIX_PATH}:/opt/ros/jazzy /usr/bin/cmake --build /robotrio/scr/build/op3_gazebo_ros2 -- -j4 -l4
[2.149s] Invoking command in '/robotrio/scr/build/op3_gazebo_ros2': CMAKE_PREFIX_PATH=${CMAKE_PREFIX_PATH}:/opt/ros/jazzy /usr/bin/cmake --install /robotrio/scr/build/op3_gazebo_ros2
[2.167s] -- Install configuration: ""
[2.168s] -- Execute custom install script
[2.169s] -- Symlinking: /robotrio/scr/install/op3_gazebo_ros2/share/op3_gazebo_ros2/config/bridge_parameters.yaml
[2.191s] -- Symlinking: /robotrio/scr/install/op3_gazebo_ros2/share/op3_gazebo_ros2/config/robotis_op3_gazebo_config.yaml
[2.213s] -- Symlinking: /robotrio/scr/install/op3_gazebo_ros2/share/op3_gazebo_ros2/launch/robot_sim.launch.py
[2.235s] -- Symlinking: /robotrio/scr/install/op3_gazebo_ros2/share/op3_gazebo_ros2/worlds/empty.sdf
[2.253s] -- Symlinking: /robotrio/scr/install/op3_gazebo_ros2/share/ament_index/resource_index/package_run_dependencies/op3_gazebo_ros2
[2.276s] -- Symlinking: /robotrio/scr/install/op3_gazebo_ros2/share/ament_index/resource_index/parent_prefix_path/op3_gazebo_ros2
[2.297s] -- Symlinking: /robotrio/scr/install/op3_gazebo_ros2/share/op3_gazebo_ros2/environment/ament_prefix_path.sh
[2.319s] -- Symlinking: /robotrio/scr/install/op3_gazebo_ros2/share/op3_gazebo_ros2/environment/ament_prefix_path.dsv
[2.340s] -- Symlinking: /robotrio/scr/install/op3_gazebo_ros2/share/op3_gazebo_ros2/environment/path.sh
[2.361s] -- Symlinking: /robotrio/scr/install/op3_gazebo_ros2/share/op3_gazebo_ros2/environment/path.dsv
[2.383s] -- Symlinking: /robotrio/scr/install/op3_gazebo_ros2/share/op3_gazebo_ros2/local_setup.bash
[2.403s] -- Symlinking: /robotrio/scr/install/op3_gazebo_ros2/share/op3_gazebo_ros2/local_setup.sh
[2.424s] -- Symlinking: /robotrio/scr/install/op3_gazebo_ros2/share/op3_gazebo_ros2/local_setup.zsh
[2.442s] -- Symlinking: /robotrio/scr/install/op3_gazebo_ros2/share/op3_gazebo_ros2/local_setup.dsv
[2.458s] -- Symlinking: /robotrio/scr/install/op3_gazebo_ros2/share/op3_gazebo_ros2/package.dsv
[2.481s] -- Symlinking: /robotrio/scr/install/op3_gazebo_ros2/share/ament_index/resource_index/packages/op3_gazebo_ros2
[2.504s] -- Symlinking: /robotrio/scr/install/op3_gazebo_ros2/share/op3_gazebo_ros2/cmake/op3_gazebo_ros2Config.cmake
[2.524s] -- Symlinking: /robotrio/scr/install/op3_gazebo_ros2/share/op3_gazebo_ros2/cmake/op3_gazebo_ros2Config-version.cmake
[2.545s] -- Symlinking: /robotrio/scr/install/op3_gazebo_ros2/share/op3_gazebo_ros2/package.xml
[2.570s] Invoked command in '/robotrio/scr/build/op3_gazebo_ros2' returned '0': CMAKE_PREFIX_PATH=${CMAKE_PREFIX_PATH}:/opt/ros/jazzy /usr/bin/cmake --install /robotrio/scr/build/op3_gazebo_ros2
