-- The C compiler identification is GNU 13.3.0
-- The CXX compiler identification is GNU 13.3.0
-- Detecting C compiler ABI info
-- Detecting C compiler ABI info - done
-- Check for working C compiler: /usr/bin/cc - skipped
-- Detecting C compile features
-- Detecting C compile features - done
-- Detecting CXX compiler ABI info
-- Detecting CXX compiler ABI info - done
-- Check for working CXX compiler: /usr/bin/c++ - skipped
-- Detecting CXX compile features
-- Detecting CXX compile features - done
-- Found ament_cmake: 2.5.6 (/opt/ros/jazzy/share/ament_cmake/cmake)
-- Found Python3: /opt/python-venv/bin/python3 (found version "3.12.3") found components: Interpreter 
-- Override CMake install command with custom implementation using symlinks instead of copying resources
-- Configuring done (2.0s)
-- Generating done (0.0s)
-- Build files have been written to: /robotrio/scr/build/op3_description
-- Install configuration: ""
-- Execute custom install script
-- Symlinking: /robotrio/scr/install/op3_description/share/ament_index/resource_index/package_run_dependencies/op3_description
-- Symlinking: /robotrio/scr/install/op3_description/share/ament_index/resource_index/parent_prefix_path/op3_description
-- Symlinking: /robotrio/scr/install/op3_description/share/op3_description/environment/ament_prefix_path.sh
-- Symlinking: /robotrio/scr/install/op3_description/share/op3_description/environment/ament_prefix_path.dsv
-- Symlinking: /robotrio/scr/install/op3_description/share/op3_description/environment/path.sh
-- Symlinking: /robotrio/scr/install/op3_description/share/op3_description/environment/path.dsv
-- Symlinking: /robotrio/scr/install/op3_description/share/op3_description/local_setup.bash
-- Symlinking: /robotrio/scr/install/op3_description/share/op3_description/local_setup.sh
-- Symlinking: /robotrio/scr/install/op3_description/share/op3_description/local_setup.zsh
-- Symlinking: /robotrio/scr/install/op3_description/share/op3_description/local_setup.dsv
-- Symlinking: /robotrio/scr/install/op3_description/share/op3_description/package.dsv
-- Symlinking: /robotrio/scr/install/op3_description/share/ament_index/resource_index/packages/op3_description
-- Symlinking: /robotrio/scr/install/op3_description/share/op3_description/cmake/op3_descriptionConfig.cmake
-- Symlinking: /robotrio/scr/install/op3_description/share/op3_description/cmake/op3_descriptionConfig-version.cmake
-- Symlinking: /robotrio/scr/install/op3_description/share/op3_description/package.xml
-- Symlinking: /robotrio/scr/install/op3_description/share/op3_description/doc/OP3 mass property.docx
-- Symlinking: /robotrio/scr/install/op3_description/share/op3_description/doc/op3_sim.docx
-- Symlinking: /robotrio/scr/install/op3_description/share/op3_description/doc/op3_sim.ods
-- Symlinking: /robotrio/scr/install/op3_description/share/op3_description/launch/op3_display.launch.py
-- Symlinking: /robotrio/scr/install/op3_description/share/op3_description/meshes/base.stl
-- Symlinking: /robotrio/scr/install/op3_description/share/op3_description/meshes/body.stl
-- Symlinking: /robotrio/scr/install/op3_description/share/op3_description/meshes/h1.stl
-- Symlinking: /robotrio/scr/install/op3_description/share/op3_description/meshes/h2.stl
-- Symlinking: /robotrio/scr/install/op3_description/share/op3_description/meshes/la1.stl
-- Symlinking: /robotrio/scr/install/op3_description/share/op3_description/meshes/la2.stl
-- Symlinking: /robotrio/scr/install/op3_description/share/op3_description/meshes/la3.stl
-- Symlinking: /robotrio/scr/install/op3_description/share/op3_description/meshes/ll1.stl
-- Symlinking: /robotrio/scr/install/op3_description/share/op3_description/meshes/ll2.stl
-- Symlinking: /robotrio/scr/install/op3_description/share/op3_description/meshes/ll3.stl
-- Symlinking: /robotrio/scr/install/op3_description/share/op3_description/meshes/ll4.stl
-- Symlinking: /robotrio/scr/install/op3_description/share/op3_description/meshes/ll5.stl
-- Symlinking: /robotrio/scr/install/op3_description/share/op3_description/meshes/ll6.stl
-- Symlinking: /robotrio/scr/install/op3_description/share/op3_description/meshes/ra1.stl
-- Symlinking: /robotrio/scr/install/op3_description/share/op3_description/meshes/ra2.stl
-- Symlinking: /robotrio/scr/install/op3_description/share/op3_description/meshes/ra3.stl
-- Symlinking: /robotrio/scr/install/op3_description/share/op3_description/meshes/rl1.stl
-- Symlinking: /robotrio/scr/install/op3_description/share/op3_description/meshes/rl2.stl
-- Symlinking: /robotrio/scr/install/op3_description/share/op3_description/meshes/rl3.stl
-- Symlinking: /robotrio/scr/install/op3_description/share/op3_description/meshes/rl4.stl
-- Symlinking: /robotrio/scr/install/op3_description/share/op3_description/meshes/rl5.stl
-- Symlinking: /robotrio/scr/install/op3_description/share/op3_description/meshes/rl6.stl
-- Symlinking: /robotrio/scr/install/op3_description/share/op3_description/rviz/op3.rviz
-- Symlinking: /robotrio/scr/install/op3_description/share/op3_description/urdf/gazebo_harness.xacro
-- Symlinking: /robotrio/scr/install/op3_description/share/op3_description/urdf/robotis_op3.gazebo.xacro
-- Symlinking: /robotrio/scr/install/op3_description/share/op3_description/urdf/robotis_op3.inertia.xacro
-- Symlinking: /robotrio/scr/install/op3_description/share/op3_description/urdf/robotis_op3.structure.head.xacro
-- Symlinking: /robotrio/scr/install/op3_description/share/op3_description/urdf/robotis_op3.structure.larm.xacro
-- Symlinking: /robotrio/scr/install/op3_description/share/op3_description/urdf/robotis_op3.structure.lleg.xacro
-- Symlinking: /robotrio/scr/install/op3_description/share/op3_description/urdf/robotis_op3.structure.rarm.xacro
-- Symlinking: /robotrio/scr/install/op3_description/share/op3_description/urdf/robotis_op3.structure.rleg.xacro
-- Symlinking: /robotrio/scr/install/op3_description/share/op3_description/urdf/robotis_op3.transmissions.xacro
-- Symlinking: /robotrio/scr/install/op3_description/share/op3_description/urdf/robotis_op3.urdf.xacro
-- Symlinking: /robotrio/scr/install/op3_description/share/op3_description/urdf/robotis_op3.visuals.xacro
